// Jest Snapshot v1, https://goo.gl/fbAQLP

exports[`data default assigned data 1`] = `
Object {
  "formData": Object {
    "cityOptions": Array [],
    "currentLocation": Object {},
  },
}
`;
